==1914== Memcheck, a memory error detector
==1914== Copyright (C) 2002-2022, and GNU GPL'd, by Julian Seward et al.
==1914== Using Valgrind-3.19.0-8d3c8034b8-20220411 and LibVEX; rerun with -h for copyright info
==1914== Command: ./ircserv 6667 a
==1914== Parent PID: 1911
==1914== 
--1914-- 
--1914-- Valgrind options:
--1914--    --leak-check=full
--1914--    --show-leak-kinds=all
--1914--    --track-origins=yes
--1914--    --track-fds=yes
--1914--    --trace-children=yes
--1914--    -s
--1914--    --log-file=valgrind.log
--1914--    --verbose
--1914-- Contents of /proc/version:
--1914--   Linux version 5.10.76-linuxkit (root@buildkitsandbox) (gcc (Alpine 10.2.1_pre1) 10.2.1 20201203, GNU ld (GNU Binutils) 2.35.2) #1 SMP Mon Nov 8 10:21:19 UTC 2021
--1914-- 
--1914-- Arch and hwcaps: AMD64, LittleEndian, amd64-cx16-lzcnt-sse3-ssse3-avx-avx2-bmi-f16c-rdrand
--1914-- Page sizes: currently 4096, max supported 4096
--1914-- Valgrind library directory: /usr/libexec/valgrind
--1914-- Reading syms from /dorker_workspace/ft_irc/ircserv
--1914-- Reading syms from /usr/lib/x86_64-linux-gnu/ld-linux-x86-64.so.2
--1914--   Considering /usr/lib/debug/.build-id/3c/bc62ba7dc05b522c3e7be640288b1197a92ae3.debug ..
--1914--   .. build-id is valid
--1914-- Reading syms from /usr/libexec/valgrind/memcheck-amd64-linux
--1914--   Considering /usr/lib/debug/.build-id/82/26c2aa6b808ebd5a6fafb694a7fb3287f33590.debug ..
--1914--   .. build-id is valid
--1914--    object doesn't have a dynamic symbol table
--1914-- Scheduler: using generic scheduler lock implementation.
--1914-- Reading suppressions file: /usr/libexec/valgrind/default.supp
==1914== embedded gdbserver: reading from /tmp/vgdb-pipe-from-vgdb-to-1914-by-???-on-d8c15ae82837
==1914== embedded gdbserver: writing to   /tmp/vgdb-pipe-to-vgdb-from-1914-by-???-on-d8c15ae82837
==1914== embedded gdbserver: shared mem   /tmp/vgdb-pipe-shared-mem-vgdb-1914-by-???-on-d8c15ae82837
==1914== 
==1914== TO CONTROL THIS PROCESS USING vgdb (which you probably
==1914== don't want to do, unless you know exactly what you're doing,
==1914== or are doing some strange experiment):
==1914==   /usr/bin/vgdb --pid=1914 ...command...
==1914== 
==1914== TO DEBUG THIS PROCESS USING GDB: start GDB like this
==1914==   /path/to/gdb ./ircserv
==1914== and then give GDB the following command
==1914==   target remote | /usr/bin/vgdb --pid=1914
==1914== --pid is optional if only one valgrind process is running
==1914== 
--1914-- REDIR: 0x40239c0 (ld-linux-x86-64.so.2:strlen) redirected to 0x580bb0e2 (vgPlain_amd64_linux_REDIR_FOR_strlen)
--1914-- REDIR: 0x40221a0 (ld-linux-x86-64.so.2:index) redirected to 0x580bb0fc (vgPlain_amd64_linux_REDIR_FOR_index)
--1914-- Reading syms from /usr/libexec/valgrind/vgpreload_core-amd64-linux.so
--1914--   Considering /usr/lib/debug/.build-id/ad/f1388be4d8781737b0c83fe111a5a9c6e930aa.debug ..
--1914--   .. build-id is valid
--1914-- Reading syms from /usr/libexec/valgrind/vgpreload_memcheck-amd64-linux.so
--1914--   Considering /usr/lib/debug/.build-id/d8/ec66cffcb23a75c3f15940674d6028709121f8.debug ..
--1914--   .. build-id is valid
==1914== WARNING: new redirection conflicts with existing -- ignoring it
--1914--     old: 0x040239c0 (strlen              ) R-> (0000.0) 0x580bb0e2 vgPlain_amd64_linux_REDIR_FOR_strlen
--1914--     new: 0x040239c0 (strlen              ) R-> (2007.0) 0x048478a0 strlen
--1914-- REDIR: 0x40223c0 (ld-linux-x86-64.so.2:strcmp) redirected to 0x4848780 (strcmp)
--1914-- REDIR: 0x4021630 (ld-linux-x86-64.so.2:mempcpy) redirected to 0x484c1a0 (mempcpy)
--1914-- Reading syms from /usr/lib/x86_64-linux-gnu/libstdc++.so.6.0.30
--1914--    object doesn't have a symbol table
--1914-- Reading syms from /usr/lib/x86_64-linux-gnu/libgcc_s.so.1
--1914--    object doesn't have a symbol table
--1914-- Reading syms from /usr/lib/x86_64-linux-gnu/libc.so.6
--1914--   Considering /usr/lib/debug/.build-id/79/005c16293efa45b441fed45f4f29b138557e9e.debug ..
--1914--   .. build-id is valid
==1914== WARNING: new redirection conflicts with existing -- ignoring it
--1914--     old: 0x04b2a600 (memalign            ) R-> (1011.0) 0x04846bc0 memalign
--1914--     new: 0x04b2a600 (memalign            ) R-> (1017.0) 0x04846b90 aligned_alloc
==1914== WARNING: new redirection conflicts with existing -- ignoring it
--1914--     old: 0x04b2a600 (memalign            ) R-> (1011.0) 0x04846bc0 memalign
--1914--     new: 0x04b2a600 (memalign            ) R-> (1017.0) 0x04846b60 aligned_alloc
==1914== WARNING: new redirection conflicts with existing -- ignoring it
--1914--     old: 0x04b2a600 (memalign            ) R-> (1011.0) 0x04846bc0 memalign
--1914--     new: 0x04b2a600 (memalign            ) R-> (1017.0) 0x04846b90 aligned_alloc
==1914== WARNING: new redirection conflicts with existing -- ignoring it
--1914--     old: 0x04b2a600 (memalign            ) R-> (1011.0) 0x04846bc0 memalign
--1914--     new: 0x04b2a600 (memalign            ) R-> (1017.0) 0x04846b60 aligned_alloc
--1914-- Reading syms from /usr/lib/x86_64-linux-gnu/libm.so.6
--1914--   Considering /usr/lib/debug/.build-id/30/e71e46d2f5339495c23101c7f1671d755505e6.debug ..
--1914--   .. build-id is valid
--1914-- REDIR: 0x4b30540 (libc.so.6:strnlen) redirected to 0x48381b0 (_vgnU_ifunc_wrapper)
--1914-- REDIR: 0x4b305d0 (libc.so.6:strpbrk) redirected to 0x48381b0 (_vgnU_ifunc_wrapper)
--1914-- REDIR: 0x4b2e6f0 (libc.so.6:strcmp) redirected to 0x48381b0 (_vgnU_ifunc_wrapper)
--1914-- REDIR: 0x4b434e0 (libc.so.6:wcsnlen) redirected to 0x48381b0 (_vgnU_ifunc_wrapper)
--1914-- REDIR: 0x4b2d830 (libc.so.6:memset) redirected to 0x48381b0 (_vgnU_ifunc_wrapper)
--1914-- REDIR: 0x4b41e20 (libc.so.6:wcslen) redirected to 0x48381b0 (_vgnU_ifunc_wrapper)
--1914-- REDIR: 0x4b2ce60 (libc.so.6:memcpy@@GLIBC_2.14) redirected to 0x48381b0 (_vgnU_ifunc_wrapper)
--1914-- REDIR: 0x4b41c50 (libc.so.6:wcschr) redirected to 0x48381b0 (_vgnU_ifunc_wrapper)
--1914-- REDIR: 0x4b2e5e0 (libc.so.6:index) redirected to 0x48381b0 (_vgnU_ifunc_wrapper)
--1914-- REDIR: 0x4b30600 (libc.so.6:rindex) redirected to 0x48381b0 (_vgnU_ifunc_wrapper)
--1914-- REDIR: 0x4b41ce0 (libc.so.6:wcscmp) redirected to 0x48381b0 (_vgnU_ifunc_wrapper)
--1914-- REDIR: 0x4b2da70 (libc.so.6:stpncpy) redirected to 0x48381b0 (_vgnU_ifunc_wrapper)
--1914-- REDIR: 0x4b42230 (libc.so.6:wmemchr) redirected to 0x48381b0 (_vgnU_ifunc_wrapper)
--1914-- REDIR: 0x4b303f0 (libc.so.6:strncmp) redirected to 0x48381b0 (_vgnU_ifunc_wrapper)
--1914-- REDIR: 0x4b2dae0 (libc.so.6:strcasecmp) redirected to 0x48381b0 (_vgnU_ifunc_wrapper)
--1914-- REDIR: 0x4b2f950 (libc.so.6:strcspn) redirected to 0x48381b0 (_vgnU_ifunc_wrapper)
--1914-- REDIR: 0x4b41d70 (libc.so.6:wcscpy) redirected to 0x48381b0 (_vgnU_ifunc_wrapper)
--1914-- REDIR: 0x4b2e560 (libc.so.6:strcat) redirected to 0x48381b0 (_vgnU_ifunc_wrapper)
--1914-- REDIR: 0x4b302e0 (libc.so.6:strncasecmp_l) redirected to 0x48381b0 (_vgnU_ifunc_wrapper)
--1914-- REDIR: 0x4b2cd70 (libc.so.6:bcmp) redirected to 0x48381b0 (_vgnU_ifunc_wrapper)
--1914-- REDIR: 0x4b2d7a0 (libc.so.6:memrchr) redirected to 0x48381b0 (_vgnU_ifunc_wrapper)
--1914-- REDIR: 0x4b2e660 (libc.so.6:strchrnul) redirected to 0x48381b0 (_vgnU_ifunc_wrapper)
--1914-- REDIR: 0x4b2f8d0 (libc.so.6:strcpy) redirected to 0x48381b0 (_vgnU_ifunc_wrapper)
--1914-- REDIR: 0x4b2db80 (libc.so.6:strcasecmp_l) redirected to 0x48381b0 (_vgnU_ifunc_wrapper)
--1914-- REDIR: 0x4b301b0 (libc.so.6:strlen) redirected to 0x48381b0 (_vgnU_ifunc_wrapper)
--1914-- REDIR: 0x4b30490 (libc.so.6:strncpy) redirected to 0x48381b0 (_vgnU_ifunc_wrapper)
--1914-- REDIR: 0x4b2d9f0 (libc.so.6:stpcpy) redirected to 0x48381b0 (_vgnU_ifunc_wrapper)
--1914-- REDIR: 0x4b2d580 (libc.so.6:memmove) redirected to 0x48381b0 (_vgnU_ifunc_wrapper)
==1914== Preferring higher priority redirection:
--1914--     old: 0x04be3980 (__memcpy_avx_unalign) R-> (2018.0) 0x04849a60 __memcpy_avx_unaligned_erms
--1914--     new: 0x04be3980 (__memcpy_avx_unalign) R-> (2018.1) 0x0484b2b0 memmove
--1914-- REDIR: 0x4b2ccf0 (libc.so.6:memchr) redirected to 0x48381b0 (_vgnU_ifunc_wrapper)
--1914-- REDIR: 0x4b307c0 (libc.so.6:strspn) redirected to 0x48381b0 (_vgnU_ifunc_wrapper)
--1914-- REDIR: 0x4b2d690 (libc.so.6:mempcpy) redirected to 0x48381b0 (_vgnU_ifunc_wrapper)
--1914-- REDIR: 0x4b30240 (libc.so.6:strncasecmp) redirected to 0x48381b0 (_vgnU_ifunc_wrapper)
--1914-- REDIR: 0x4b2d930 (libc.so.6:rawmemchr) redirected to 0x48381b0 (_vgnU_ifunc_wrapper)
--1914-- REDIR: 0x4be9a50 (libc.so.6:__strrchr_avx2) redirected to 0x48472e0 (rindex)
--1914-- REDIR: 0x4b29920 (libc.so.6:malloc) redirected to 0x4841740 (malloc)
--1914-- REDIR: 0x4be7100 (libc.so.6:__strlen_avx2) redirected to 0x4847780 (strlen)
--1914-- REDIR: 0x4be3220 (libc.so.6:__memcmp_avx2_movbe) redirected to 0x484aaa0 (bcmp)
--1914-- REDIR: 0x4be6810 (libc.so.6:__strcmp_avx2) redirected to 0x4848680 (strcmp)
--1914-- REDIR: 0x4be3980 (libc.so.6:__memcpy_avx_unaligned_erms) redirected to 0x484b2b0 (memmove)
--1914-- REDIR: 0x4900570 (libstdc++.so.6:operator new(unsigned long)) redirected to 0x4841ec0 (operator new(unsigned long))
--1914-- REDIR: 0x4be4380 (libc.so.6:__memset_avx2_unaligned_erms) redirected to 0x484b1c0 (memset)
--1914-- REDIR: 0x48fe8e0 (libstdc++.so.6:operator delete(void*, unsigned long)) redirected to 0x4844930 (operator delete(void*, unsigned long))
--1914-- REDIR: 0x4b2a6d0 (libc.so.6:calloc) redirected to 0x4846540 (calloc)
--1914-- REDIR: 0x4be3930 (libc.so.6:__mempcpy_avx_unaligned_erms) redirected to 0x484bdb0 (mempcpy)
--1914-- REDIR: 0x48fe8d0 (libstdc++.so.6:operator delete(void*)) redirected to 0x48446b0 (operator delete(void*))
--1914-- REDIR: 0x4be2f80 (libc.so.6:__memchr_avx2) redirected to 0x4848800 (memchr)
